2026-07-16 00:13:46.481 | INFO     | app.main:lifespan:18 - Application starting....
2026-07-16 00:13:52.631 | INFO     | app.middleware.request_logger:dispatch:13 - GET / 404 0.003s
2026-07-16 00:14:03.751 | INFO     | app.middleware.request_logger:dispatch:13 - GET /api/v1/health 307 0.001s
2026-07-16 00:14:03.972 | INFO     | app.services.health_service:get_health:8 - Health check requested.
2026-07-16 00:14:03.987 | INFO     | app.middleware.request_logger:dispatch:13 - GET /api/v1/health/ 200 0.094s
2026-07-16 00:14:04.424 | INFO     | app.middleware.request_logger:dispatch:13 - GET /favicon.ico 404 0.000s
2026-07-16 00:14:29.814 | INFO     | app.middleware.request_logger:dispatch:13 - GET /docs 200 0.000s
2026-07-16 00:14:31.154 | INFO     | app.middleware.request_logger:dispatch:13 - GET /openapi.json 200 0.030s
2026-07-16 00:15:07.650 | INFO     | app.middleware.request_logger:dispatch:13 - POST /api/v1/auth/regiter 422 0.025s
2026-07-16 00:15:14.565 | INFO     | app.middleware.request_logger:dispatch:13 - POST /api/v1/auth/regiter 422 0.005s
2026-07-16 00:16:19.115 | INFO     | app.main:lifespan:20 - Application shutting down....
2026-07-16 11:04:58.609 | INFO     | app.main:lifespan:18 - Application starting....
2026-07-16 15:12:58.713 | INFO     | app.main:lifespan:18 - Application starting....
2026-07-16 15:28:06.923 | INFO     | app.main:lifespan:20 - Application shutting down....
2026-07-16 15:28:10.027 | INFO     | app.main:lifespan:18 - Application starting....
2026-07-16 15:31:07.935 | INFO     | app.main:lifespan:20 - Application shutting down....
2026-07-16 16:07:21.069 | INFO     | app.main:lifespan:18 - Application starting....
2026-07-16 16:08:15.824 | INFO     | app.main:lifespan:20 - Application shutting down....
2026-07-16 16:08:19.085 | INFO     | app.main:lifespan:18 - Application starting....
2026-07-16 16:08:29.250 | INFO     | app.main:lifespan:20 - Application shutting down....
2026-07-16 16:09:05.256 | INFO     | app.main:lifespan:18 - Application starting....
2026-07-16 16:09:08.320 | INFO     | app.middleware.request_logger:dispatch:13 - POST /api/v1/auth/regiter 201 0.697s
2026-07-16 23:20:41.792 | INFO     | app.main:lifespan:18 - Application starting....
2026-07-16 23:20:50.921 | INFO     | app.middleware.request_logger:dispatch:13 - GET /docs 200 0.000s
2026-07-16 23:20:51.432 | INFO     | app.middleware.request_logger:dispatch:13 - GET /openapi.json 200 0.040s
2026-07-16 23:21:37.849 | INFO     | app.middleware.request_logger:dispatch:13 - POST /api/v1/auth/login 400 0.472s
2026-07-16 23:22:41.307 | INFO     | app.main:lifespan:20 - Application shutting down....
2026-07-16 23:22:45.175 | INFO     | app.main:lifespan:18 - Application starting....
2026-07-16 23:22:49.429 | INFO     | app.middleware.request_logger:dispatch:13 - POST /api/v1/auth/login 200 0.643s
2026-07-16 23:25:40.135 | INFO     | app.main:lifespan:20 - Application shutting down....
